/Users/micha/Library/Python/3.9/lib/python/site-packages/urllib3/__init__.py:35: NotOpenSSLWarning: urllib3 v2 only supports OpenSSL 1.1.1+, currently the 'ssl' module is compiled with 'LibreSSL 2.8.3'. See: https://github.com/urllib3/urllib3/issues/3020
  warnings.warn(
==========================================================================
  LOCAL-524 — Igor's MFA case (hand-entered stops), through the SERVICE
==========================================================================
[23:22:37] Seeded test user ITEST-LOCAL524-IGOR on free plan; cleared prior orchestrator usage.
[23:22:37] Busted tour_cache: 1 row(s) removed — this run is a fresh generation.
[23:22:37] Cleared 0 prior LOCAL-524 test row(s) from audio_tours.
[23:22:37] POST http://localhost:5002/generate-complete-tour
[23:22:37]   location   : Museum of Fine Arts, Boston, with a stop at the Sargent Murals and a stop at the Liberty Bowl by Paul Revere and a stop at Watson and the Shark by Copley
[23:22:37]   tour_type  : contained
[23:22:37]   stops      : 3  ['the Sargent Murals', 'the Liberty Bowl by Paul Revere', 'Watson and the Shark by Copley']
[23:22:37]   job_id     : f27662f6-4329-4355-9c55-6b37da2aeb0b
[23:22:45]   status=processing  Text generation: Starting tour text generation...
[23:31:10]   status=processing  Modernized processing: Generating audio files...
[23:31:18]   status=processing  Step 5/5: Storing modernized tour in database...
[23:31:26]   status=completed  Tour generation completed in EN!
[23:31:26] COMPLETED in 529.1s
[23:31:26] audio_tours row:
[23:31:26]   id           : 364
[23:31:26]   tour_name    : Museum of Fine Arts, Boston, with a stop at the Sargent Murals and a stop at the Liberty Bowl by Paul Revere and a stop at Watson and the Shark by Copley - Museum Tour
[23:31:26]   stops_count  : 3
[23:31:26]   zip_filename : museum_of_fine_arts_boston_with_a_stop_at_the_sargent_murals_and_a_stop_at_the_liberty_bowl_by_paul_revere_and_a_stop_at_watson_and_the_shark_by_copley_contained_f27662f6.zip
[23:31:26]   audio_tour   : 2009296 bytes (BYTEA)
[23:31:26]   tour_content : 6543 chars
[23:31:26]   ZIP members  : ['audio_1.mp3', 'audio_1.txt', 'audio_2.mp3', 'audio_2.txt', 'audio_3.mp3', 'audio_3.txt', 'index.html', 'manifest.json', 'service-worker.js', 'tour_content.txt']
[23:31:26]   audio_N.mp3  : 3 -> ['audio_1.mp3', 'audio_2.mp3', 'audio_3.mp3']
[23:31:26] delivered stop headers (3):
[23:31:26]     1. Liberty Bowl by Paul Revere
[23:31:26]     2. Sons of Liberty Bowl
[23:31:26]     3. Watson and the Shark by Copley
[23:31:26] user-chosen stop -> delivered as a STOP header?
[23:31:26]     [NO ] the Sargent Murals  (—)
[23:31:26]     [YES] the Liberty Bowl by Paul Revere  (Stop 1)
[23:31:26]     [YES] Watson and the Shark by Copley  (Stop 3)
[23:31:26] order sensible (distinct 1:1 mapping): False
[23:31:26] tour_quality.score_tour:
[23:31:26]   clean        : True
[23:31:26]   metrics      : {'stops_delivered': 3, 'stops_requested': 3, 'dates': 7, 'named_people': 5, 'chars': 6543}
[23:31:26]   defects      : (none)
[23:31:26] cost job_ids: orchestrator=f27662f6-4329-4355-9c55-6b37da2aeb0b text-gen=['a6132910-788c-4e6d-8ec5-858f726dbf39']
[23:31:26] cost_ledger (this run):
[23:31:26]     spine_generate           $0.009573
[23:31:26]     tour_generate            $0.373103
[23:31:26]   TOTAL measured our_cost_usd : $0.3827   (baseline $0.244, TTS not ledgered in this container per D323)
[23:31:26] Wrote /Users/micha/Audioura/local524_igor_mfa_result.json
==========================================================================
  [PASS] landed in audio_tours with audio (BYTEA + audio_N.mp3)
  [PASS] delivered stop count == requested
  [FAIL] tour is of EXACTLY the stops Igor hand-entered (each is a delivered stop)
  [FAIL] stops in a sensible order (distinct 1:1 mapping)
  [PASS] no scoring defects (clean)
  [PASS] cost recorded (>0) in cost_ledger
==========================================================================
VERDICT: PARTIAL/FAIL
==========================================================================
