/Users/micha/Library/Python/3.9/lib/python/site-packages/urllib3/__init__.py:35: NotOpenSSLWarning: urllib3 v2 only supports OpenSSL 1.1.1+, currently the 'ssl' module is compiled with 'LibreSSL 2.8.3'. See: https://github.com/urllib3/urllib3/issues/3020
  warnings.warn(
==========================================================================
  LOCAL-524 — Igor's MFA case (hand-entered stops), through the SERVICE
==========================================================================
[08:03:01] Seeded test user ITEST-LOCAL547-FANEUIL on free plan; cleared prior orchestrator usage.
[08:03:01] Busted tour_cache: 1 row(s) removed — this run is a fresh generation.
[08:03:01] Cleared 0 prior LOCAL-524 test row(s) from audio_tours.
[08:03:01] POST http://localhost:5002/generate-complete-tour
[08:03:01]   location   : Faneuil Hall Marketplace, Boston MA, with a stop at Quincy Market and a stop at the Samuel Adams statue and a stop at the Boston Massacre site
[08:03:01]   tour_type  : walking
[08:03:01]   stops      : 3  ['Quincy Market', 'the Samuel Adams statue', 'the Boston Massacre site']
[08:03:01]   job_id     : dd5ed5ba-5d0b-4e3c-a9a7-d3d608fea890
[08:03:09]   status=processing  Text generation: Starting tour text generation...
[08:06:37]   status=processing  Modernized processing: Generating audio files...
[08:06:45]   status=completed  Tour generation completed in EN!
[08:06:45] COMPLETED in 224.5s
[08:06:45] audio_tours row:
[08:06:45]   id           : 365
[08:06:45]   tour_name    : Faneuil Hall Marketplace, Boston MA, with a stop at Quincy Market and a stop at the Samuel Adams statue and a stop at the Boston Massacre site - Walking Tour
[08:06:45]   stops_count  : 3
[08:06:45]   zip_filename : faneuil_hall_marketplace_boston_ma_with_a_stop_at_quincy_market_and_a_stop_at_the_samuel_adams_statue_and_a_stop_at_the_boston_massacre_site_walking_dd5ed5ba.zip
[08:06:45]   audio_tour   : 2072206 bytes (BYTEA)
[08:06:45]   tour_content : 6930 chars
[08:06:45]   ZIP members  : ['audio_1.mp3', 'audio_1.txt', 'audio_2.mp3', 'audio_2.txt', 'audio_3.mp3', 'audio_3.txt', 'index.html', 'manifest.json', 'service-worker.js', 'tour_content.txt']
[08:06:45]   audio_N.mp3  : 3 -> ['audio_1.mp3', 'audio_2.mp3', 'audio_3.mp3']
[08:06:45] delivered stop headers (3):
[08:06:45]     1. Quincy Market
[08:06:45]     2. Boston Massacre Site
[08:06:45]     3. Samuel Adams Statue
[08:06:45] user-chosen stop -> delivered as a STOP header?
[08:06:45]     [NO ] the Sargent Murals  (—)
[08:06:45]     [NO ] the Liberty Bowl by Paul Revere  (—)
[08:06:45]     [NO ] Watson and the Shark by Copley  (—)
[08:06:45] order sensible (distinct 1:1 mapping): False
[08:06:45] tour_quality.score_tour:
[08:06:45]   clean        : False
[08:06:45]   metrics      : {'stops_delivered': 3, 'stops_requested': 3, 'dates': 11, 'named_people': 7, 'chars': 6930}
[08:06:45]   defects      : {'bare_death': '7 death(s) named without circumstances'}
[08:06:45] cost job_ids: orchestrator=dd5ed5ba-5d0b-4e3c-a9a7-d3d608fea890 text-gen=['38642cf5-1c2b-4dec-834e-fd91f38722c9']
[08:06:45] cost_ledger (this run):
[08:06:45]     spine_generate           $0.007563
[08:06:45]     tour_generate            $0.146762
[08:06:45]   TOTAL measured our_cost_usd : $0.1543   (baseline $0.244, TTS not ledgered in this container per D323)
[08:06:45] Wrote /Users/micha/Audioura/local524_igor_mfa_result.json
==========================================================================
  [PASS] landed in audio_tours with audio (BYTEA + audio_N.mp3)
  [PASS] delivered stop count == requested
  [FAIL] tour is of EXACTLY the stops Igor hand-entered (each is a delivered stop)
  [FAIL] stops in a sensible order (distinct 1:1 mapping)
  [FAIL] no scoring defects (clean)
  [PASS] cost recorded (>0) in cost_ledger
==========================================================================
VERDICT: PARTIAL/FAIL
==========================================================================
