/Users/micha/Library/Python/3.9/lib/python/site-packages/urllib3/__init__.py:35: NotOpenSSLWarning: urllib3 v2 only supports OpenSSL 1.1.1+, currently the 'ssl' module is compiled with 'LibreSSL 2.8.3'. See: https://github.com/urllib3/urllib3/issues/3020
  warnings.warn(
SPARQL error: 429
location: exhibition blue green and silva in MFA Boston, MA
stops   : 3
loop    : ON
out     : TOUR_D525_REFUSAL_TEST.txt

[api_call_logger] Failed to write log: [Errno 2] No such file or directory: '/app/api_call_chain_20260824_225029.txt'

======================================================================
CALL #001 | 22:50:29.514 | GENERATE_TOUR_TEXT_FUNCTION_ENTRY
======================================================================
  location: exhibition blue green and silva in MFA Boston, MA
  tour_type: museum
  total_stops_parameter: 3
  output_file: /Users/micha/Audioura/TOUR_D525_REFUSAL_TEST.txt

  [LOCAL-245] Stop-existence gate mode: LOG_ONLY
[api_call_logger] Failed to write log: [Errno 2] No such file or directory: '/app/api_call_chain_20260824_225029.txt'

======================================================================
CALL #002 | 22:50:29.515 | TOTAL_STOPS_FINALIZED
======================================================================
  location: exhibition blue green and silva in MFA Boston, MA
  total_stops_final: 3
  source: parameter


PHASE 1: Analyzing tour intent with AI...
Intent analysis response: {
    "poi_type": "museum exhibits",
    "location": "Boston, MA",
    "theme_type": "STANDARD",
    "theme_name": null,
    "requirements": "museum exhibition blue green and silva",
    "business_hours_relevant": true,
    "accessibility_mentioned": false,
    "needs_research": false,
    "venue_name": "Museum of Fine Arts, Boston",
    "geographic_scope": null,
    "scope_precision": null,
    "transport_mode": "on_foot",
    "country_scope": null
}
  [TRANSPORT] mode=on_foot, country_scope=None (keyword=on_foot, intent=on_foot)
✅ Intent Analysis Results:
   POI Type: museum exhibits
   Location: Boston, MA
   Requirements: museum exhibition blue green and silva
   Business Hours Relevant: True
   Accessibility Mentioned: False
   Venue Name: Museum of Fine Arts, Boston
  [venue_name sanity] 'Museum of Fine Arts, Boston' OK
  [S15] Forced tour_category=museum from venue_name='Museum of Fine Arts, Boston'
[TIMING] phase=intent elapsed=1.4s cumulative=1.4s

Detected tour category: MUSEUM
Using museum template for exhibition blue green and silva in MFA Boston, MA - museum
[api_call_logger] Failed to write log: [Errno 2] No such file or directory: '/app/api_call_chain_20260824_225029.txt'

======================================================================
CALL #003 | 22:50:30.871 | GENERATING_PROMPT
======================================================================
  location: exhibition blue green and silva in MFA Boston, MA
  user_request: museum exhibition blue green and silva in MFA Boston, MA
  total_stops: 3


PHASE 3A: Fetching 3 candidate POI(s) for exhibition blue green and silva in MFA Boston, MA...
  [Museum constraint] Venue from intent='Museum of Fine Arts, Boston'
  [venue_resolver] Name variants: ['Museum of Fine Arts']
  [venue_resolver] Resolved: 'Museum of Fine Arts, Boston' → Q1565911 (Museum of Fine Arts, Houston)
    URL: http://www.mfah.org/
    Coords: 29.725605, -95.390539
    Language: en
  [S17] no scope_constraint (precision='', scope='')
  [LOCAL-362] Scoped request detected (requirements='museum exhibition blue green and silva') — early deterministic bypass suppressed

  [LOCAL-362] SCOPED REQUEST DETECTED:
    Requirements: museum exhibition blue green and silva
    POI type: museum exhibits
    Artists extracted: []
    → Deterministic bypass will be SUPPRESSED (venue-wide fill is wrong for scoped requests)
[TIMING] phase=poi_selection elapsed=7.6s cumulative=9.0s
  [venue_resolver] Name variants: ['Museum of Fine Arts']
  [venue_resolver] City-qualified search hit: 'Museum of Fine Arts (Boston)' → 1 candidates
  [venue_resolver] Resolved: 'Museum of Fine Arts, Boston' → Q49133 (Museum of Fine Arts Boston)
    URL: http://www.mfa.org/
    Coords: 42.339444444444446, -71.09416666666667
    Language: en

  [LOCAL-364] ═══ EXHIBITION CHECKLIST RETRIEVAL ═══
  [LOCAL-364] Exhibition search term: 'exhibition blue green and silva in MFA Boston, MA'
  [LOCAL-364] Venue URL: http://www.mfa.org/
  [LOCAL-364] Searching for exhibition 'exhibition blue green and silva in MFA Boston, MA' on http://www.mfa.org
  [LOCAL-427] HTTP 200 from http://www.mfa.org/exhibitions (attempt 1)
  [LOCAL-364] Found exhibition listing: http://www.mfa.org/exhibitions (5232 chars)
  [LOCAL-425] Searching: exhibition blue green and silva in MFA Boston, MA site:www.mfa.org
  [LOCAL-425] Search hit: https://www.mfa.org/gallery/stories-artists-tell — Stories Artists Tell
  [LOCAL-429] No match in Wayback listing — web search found: https://www.mfa.org/gallery/stories-artists-tell
  [LOCAL-427] HTTP 200 from https://www.mfa.org/gallery/stories-artists-tell (attempt 1)
  [LOCAL-429] Direct exhibition detail page via web search (18494 chars)
  [LOCAL-364] Matched exhibition: 'exhibition blue green and silva in MFA Boston, MA' (score: 1.00)
  [LOCAL-364] Exhibition URL: https://www.mfa.org/gallery/stories-artists-tell
  [LOCAL-427] Cache HIT: https://www.mfa.org/gallery/stories-artists-tell (18494 chars)
  [LOCAL-364] No closing date found — assuming exhibition is current
  [LOCAL-370] Plausibility gate: 1/15 entries implausible (7%) — below threshold, keeping
  [LOCAL-364] Extracted 15 works from exhibition page (shape: structured_checklist)
    - That Red One by Arthur Dove
    - Autorretrato con espejo (Self-Portrait with Mirror) by David Alfaro Siqueiros
    - Tailleur por dames by Remedios Varo
    - Battleship Kate, about 1935 by August Coleman
    - The Great Good Man by Marsden Hartley
    - Bear Father, Bear Son by Norval Morrisseau
    - Cochiti Redskins, about 2000 by Mateo Romero
    - Drug Store by Edward Hopper
    - Viktor Schreckengost for Cowan Pottery Studio by Jazz Bowl, designed 1930
    - Reproduced with permission by Blackware with polished and matte decoration. Museum purchase with funds donated by Independence Investment Associates Inc
    ... and 5 more
  [LOCAL-364] Result: ExhibitionChecklistResult(path=checklist, works=15, title='exhibition blue green and silva in MFA Boston, MA', url='https://www.mfa.org/gallery/stories-artists-tell')
  [LOCAL-364/368] ✓ CHECKLIST PATH: 6 works from exhibition page
    Source: https://www.mfa.org/gallery/stories-artists-tell
    Shape: structured_checklist
    Stops from exhibition checklist:
      - That Red One (by Arthur Dove)
      - Autorretrato con espejo (Self-Portrait with Mirror) (by David Alfaro Siqueiros)
      - Tailleur por dames (by Remedios Varo)
  [R4] Museum tour: asking for 6 candidates (2x for D1v2 filtering)

PHASE 3A: SKIPPED (deterministic fill from 6 documented works)
OK PHASE 3A parsed 6 candidate POI(s):
   - That Red One
   - Autorretrato con espejo (Self-Portrait with Mirror)
   - Tailleur por dames
   - Battleship Kate, about 1935
   - The Great Good Man
   - Bear Father, Bear Son
  [D1/LOCAL-372] SKIP D1v2 — stops sourced from exhibition checklist (D1v2 checks the PERMANENT collection; a temporary show is not in it)
  [D1/LOCAL-372] 6 exhibition stop(s) grounded against the venue page

  [LOCAL-370] R4 replenishment SUPPRESSED (exhibition-scoped request)
    Scope: museum exhibition blue green and silva
    Honest stop count: 3 (no venue-wide backfill — D275)
  [R4] Target reached: 6/3 stops
  [LOCAL-16 GATE] All 6 stops are D1v2-verified ✓

PHASE 4.5: Validating AI knowledge for exhibition blue green and silva in MFA Boston, MA...
OK Knowledge validation passed: Knowledge validation passed

PHASE 4: skipped (tour_category='museum', no type-verification required)
  [LOCAL-212] Coverage selection: 0 COVERED, fallback needed: 1×VENUE_ONLY, 2×EMPTY (not enough covered candidates to fill 3 stops)
  [LOCAL-212] Selected: ['The Great Good Man=VENUE_ONLY', 'That Red One=EMPTY', 'Autorretrato con espejo (Self-Portrait with Mirror)=EMPTY']
  [LOCAL-212] Dropped:  ['Tailleur por dames=EMPTY', 'Battleship Kate, about 1935=EMPTY', 'Bear Father, Bear Son=EMPTY']

  [LOCAL-465] EXHIBITION NOT FOUND: zero coverage: 0 COVERED, 6 candidates all EMPTY/VENUE_ONLY — no content exists | request='exhibition blue green and silva in MFA Boston, MA' | resolved=Museum of Fine Arts Boston (Q49133) | coverage=0/3

FAILED: no text returned
