=== WIDENED RUN 1 ===
  [LOCAL-192] Style retry summary: 2 paragraphs retried, 2 fixed/improved, 0 kept original
  [LOCAL-479] PHASE 5.158c: Organisation grounding gate (corpus 41021 chars)...
  [LOCAL-479] orgs detected=3 grounded=3 ungrounded=0 sentences_dropped=0
GENERATED 4693 chars in 115.2s -> TOUR_MFA_RELEASE_20260818_1638.txt
 1  Le Lézard aux plumes d’or (The Lizard with G   58    22    29    65
 2  Au Soleil du Plafond                           39    22    20    77
    MEAN                                           48    22    24    71
=== WIDENED RUN 2 ===
  [LOCAL-192] Style retry summary: 2 paragraphs retried, 1 fixed/improved, 1 kept original
  [LOCAL-479] PHASE 5.158c: Organisation grounding gate (corpus 53669 chars)...
  [LOCAL-479] orgs detected=4 grounded=4 ungrounded=0 sentences_dropped=0
GENERATED 5996 chars in 142.2s -> TOUR_MFA_RELEASE_20260818_1640.txt
 1  Le Lézard aux plumes d’or (The Lizard with G   46     0    22    30
 2  Au Soleil du Plafond                           52    23    43    65
 3  Moses and Monotheism                           40    21    43    60
    MEAN                                           46    15    36    52
=== WIDENED RUN 3 ===
  [LOCAL-192] Style retry summary: 1 paragraphs retried, 1 fixed/improved, 0 kept original
  [LOCAL-479] PHASE 5.158c: Organisation grounding gate (corpus 52733 chars)...
  [LOCAL-479] orgs detected=4 grounded=4 ungrounded=0 sentences_dropped=0
  [LOCAL-474] retry summary: 1 eligible, 1 retried, 0 improved, 1 kept original
GENERATED 5569 chars in 134.1s -> TOUR_MFA_RELEASE_20260818_1643.txt
 1  Le Lézard aux plumes d’or (The Lizard with G   47    36    26    30
 2  Au Soleil du Plafond                           44    12    28    69
 3  Moses and Monotheism                           38    24    41    45
    MEAN                                           43    24    32    48
